// Jest Snapshot v1, https://goo.gl/fbAQLP

exports[`PaginationItem renders without crashing 1`] = `
<li
  className="page-item mr-1"
>
  <button
    className="page-link"
    onClick={[MockFunction]}
  >
    1
  </button>
</li>
`;
